+ export PATH=/usr/local/bin:/usr/bin:/bin:/usr/sbin:/sbin:/usr/bin:/bin:/usr/sbin:/sbin
+ PATH=/usr/local/bin:/usr/bin:/bin:/usr/sbin:/sbin:/usr/bin:/bin:/usr/sbin:/sbin
++ dirname /Users/rishabhjaiswal/ayodhya-darshan/run_seo_automation.command
+ cd /Users/rishabhjaiswal/ayodhya-darshan
+ echo ============================================================
+ echo '          AYODHYA DHARSHAN AUTOMATED SEO LAUNCHER          '
+ echo ============================================================
+ command -v python3
+ python3 -c 'import PIL'
+ '[' 0 -ne 0 ']'
+ python3 scripts/seo_automation_hub.py
+ echo ''
+ echo '📄 Your master SEO report has been generated at: seo_health_report.md'
+ '[' -t 0 ']'
To https://github.com/ayodhyadharsha-max/Ayodhya-Darshan.git
   f040e79..db1f4e9  main -> main
fatal: unable to access 'https://github.com/ayodhyadharsha-max/Ayodhya-Darshan.git/': Could not resolve host: github.com
fatal: unable to access 'https://github.com/ayodhyadharsha-max/Ayodhya-Darshan.git/': Could not resolve host: github.com
fatal: unable to access 'https://github.com/ayodhyadharsha-max/Ayodhya-Darshan.git/': Could not resolve host: github.com
fatal: unable to access 'https://github.com/ayodhyadharsha-max/Ayodhya-Darshan.git/': Could not resolve host: github.com
To https://github.com/ayodhyadharsha-max/Ayodhya-Darshan.git
   abe93fa..3191c4a  main -> main
fatal: unable to access 'https://github.com/ayodhyadharsha-max/Ayodhya-Darshan.git/': Could not resolve host: github.com
fatal: unable to access 'https://github.com/ayodhyadharsha-max/Ayodhya-Darshan.git/': Could not resolve host: github.com
fatal: unable to access 'https://github.com/ayodhyadharsha-max/Ayodhya-Darshan.git/': Could not resolve host: github.com
fatal: unable to access 'https://github.com/ayodhyadharsha-max/Ayodhya-Darshan.git/': Could not resolve host: github.com
To https://github.com/ayodhyadharsha-max/Ayodhya-Darshan.git
   dac2f5d..6d46f0d  main -> main
fatal: unable to access 'https://github.com/ayodhyadharsha-max/Ayodhya-Darshan.git/': Could not resolve host: github.com
fatal: unable to access 'https://github.com/ayodhyadharsha-max/Ayodhya-Darshan.git/': Could not resolve host: github.com
fatal: unable to access 'https://github.com/ayodhyadharsha-max/Ayodhya-Darshan.git/': Could not resolve host: github.com
fatal: unable to access 'https://github.com/ayodhyadharsha-max/Ayodhya-Darshan.git/': Could not resolve host: github.com
fatal: unable to access 'https://github.com/ayodhyadharsha-max/Ayodhya-Darshan.git/': Could not resolve host: github.com
To https://github.com/ayodhyadharsha-max/Ayodhya-Darshan.git
   8a3f226..9f751ec  main -> main
fatal: unable to access 'https://github.com/ayodhyadharsha-max/Ayodhya-Darshan.git/': Could not resolve host: github.com
To https://github.com/ayodhyadharsha-max/Ayodhya-Darshan.git
   61c2a09..383649a  main -> main
fatal: unable to access 'https://github.com/ayodhyadharsha-max/Ayodhya-Darshan.git/': Could not resolve host: github.com
fatal: unable to access 'https://github.com/ayodhyadharsha-max/Ayodhya-Darshan.git/': Could not resolve host: github.com
fatal: unable to access 'https://github.com/ayodhyadharsha-max/Ayodhya-Darshan.git/': Could not resolve host: github.com
fatal: unable to access 'https://github.com/ayodhyadharsha-max/Ayodhya-Darshan.git/': Could not resolve host: github.com
fatal: unable to access 'https://github.com/ayodhyadharsha-max/Ayodhya-Darshan.git/': Could not resolve host: github.com
fatal: unable to access 'https://github.com/ayodhyadharsha-max/Ayodhya-Darshan.git/': Could not resolve host: github.com
fatal: unable to access 'https://github.com/ayodhyadharsha-max/Ayodhya-Darshan.git/': Could not resolve host: github.com
fatal: unable to access 'https://github.com/ayodhyadharsha-max/Ayodhya-Darshan.git/': Could not resolve host: github.com
To https://github.com/ayodhyadharsha-max/Ayodhya-Darshan.git
   bc16492..2a2abbe  main -> main
To https://github.com/ayodhyadharsha-max/Ayodhya-Darshan.git
   80f8d97..f195151  main -> main
To https://github.com/ayodhyadharsha-max/Ayodhya-Darshan.git
   f195151..9706b45  main -> main
fatal: unable to access 'https://github.com/ayodhyadharsha-max/Ayodhya-Darshan.git/': Could not resolve host: github.com
To https://github.com/ayodhyadharsha-max/Ayodhya-Darshan.git
   fea1cee..de915d0  main -> main
To https://github.com/ayodhyadharsha-max/Ayodhya-Darshan.git
   3d66ec0..2e57da9  main -> main
fatal: unable to access 'https://github.com/ayodhyadharsha-max/Ayodhya-Darshan.git/': Could not resolve host: github.com
fatal: unable to access 'https://github.com/ayodhyadharsha-max/Ayodhya-Darshan.git/': Could not resolve host: github.com
fatal: unable to access 'https://github.com/ayodhyadharsha-max/Ayodhya-Darshan.git/': Could not resolve host: github.com
fatal: unable to access 'https://github.com/ayodhyadharsha-max/Ayodhya-Darshan.git/': Could not resolve host: github.com
fatal: unable to access 'https://github.com/ayodhyadharsha-max/Ayodhya-Darshan.git/': Could not resolve host: github.com
To https://github.com/ayodhyadharsha-max/Ayodhya-Darshan.git
   dcbe3f8..ad1f7b5  main -> main
fatal: unable to access 'https://github.com/ayodhyadharsha-max/Ayodhya-Darshan.git/': Could not resolve host: github.com
fatal: unable to access 'https://github.com/ayodhyadharsha-max/Ayodhya-Darshan.git/': Could not resolve host: github.com
To https://github.com/ayodhyadharsha-max/Ayodhya-Darshan.git
   f6e73ec..2bd76f8  main -> main
